// Jest Snapshot v1, https://goo.gl/fbAQLP

exports[`it parses correctly 1`] = `true`;
