// Jest Snapshot v1, https://goo.gl/fbAQLP

exports[`it lexes correctly 1`] = `
Array [
  Object {
    "end": Array [
      1,
      1,
    ],
    "name": "LPAREN",
    "start": Array [
      1,
      0,
    ],
    "value": "(",
  },
  Object {
    "end": Array [
      1,
      4,
    ],
    "name": "IDENTIFIER",
    "start": Array [
      1,
      1,
    ],
    "value": "foo",
  },
  Object {
    "end": Array [
      1,
      7,
    ],
    "name": "NUMBER",
    "start": Array [
      1,
      5,
    ],
    "value": 42,
  },
  Object {
    "end": Array [
      1,
      9,
    ],
    "name": "LPAREN",
    "start": Array [
      1,
      8,
    ],
    "value": "(",
  },
  Object {
    "end": Array [
      1,
      12,
    ],
    "name": "IDENTIFIER",
    "start": Array [
      1,
      9,
    ],
    "value": "baz",
  },
  Object {
    "end": Array [
      1,
      18,
    ],
    "name": "STRING",
    "start": Array [
      1,
      13,
    ],
    "value": "bar",
  },
  Object {
    "end": Array [
      1,
      19,
    ],
    "name": "RPAREN",
    "start": Array [
      1,
      18,
    ],
    "value": ")",
  },
  Object {
    "end": Array [
      1,
      20,
    ],
    "name": "RPAREN",
    "start": Array [
      1,
      19,
    ],
    "value": ")",
  },
]
`;
