// Jest Snapshot v1, https://goo.gl/fbAQLP

exports[`it validates correctly 1`] = `true`;
